../Src/main.c:163:5:main	16	static
../Src/main.c:257:6:MainLoopMonitor	8	static
../Src/main.c:315:6:FunctionSimulator	32	static
../Src/main.c:324:6:PrimaryFunc1	8	static
../Src/main.c:328:6:PrimaryFunc2	8	static
../Src/main.c:333:6:PrimaryFunc3	8	static
../Src/main.c:338:6:PrimaryFunc4	8	static
../Src/main.c:344:6:SecondaryFunc1	8	static
../Src/main.c:349:6:SecondaryFunc2	8	static
../Src/main.c:354:6:SecondaryFunc3	8	static
../Src/main.c:359:6:SecondaryFunc4	8	static
../Src/main.c:364:6:SecondaryFunc5	8	static
../Src/main.c:369:6:SecondaryFunc6	8	static
../Src/main.c:375:6:TertiaryFunc1	8	static
../Src/main.c:380:6:TertiaryFunc2	8	static
../Src/main.c:385:6:TertiaryFunc3	8	static
../Src/main.c:390:6:TertiaryFunc4	8	static
../Src/main.c:395:6:TertiaryFunc5	8	static
../Src/main.c:400:6:TertiaryFunc6	8	static
../Src/main.c:405:6:TertiaryFunc7	8	static
../Src/main.c:410:6:TertiaryFunc8	8	static
../Src/main.c:415:6:TertiaryFunc9	8	static
../Src/main.c:421:10:MultipleBy3	16	static
../Src/main.c:428:6:RunFuncTest1	16	static
../Src/main.c:435:6:RunTests	8	static
../Src/main.c:443:6:FlashLED	4	static
../Src/main.c:451:6:HandleTaskOverrun	4	static,ignoring_inline_asm
../Src/main.c:457:6:TimeAndRunTask	24	static
